// Jest Snapshot v1, https://goo.gl/fbAQLP

exports[`Components SchemaView OneOf deprecated should match snapshot 1`] = `
<div
  class="oneOf-schema"
>
  <span
    class="sc-kfYoZR juYXUf"
  >
     One of 
  </span>
  <div
    class="sc-dlMDgC EoFth"
  >
    <button
      class="sc-fKgJPI iEPbLk"
    >
      string
    </button>
    <button
      class="sc-fKgJPI bpjiHN"
    >
      integer
    </button>
  </div>
  <div>
    <span
      class="sc-bqGGPW eSYQnm"
      type="warning"
    >
      Deprecated
    </span>
  </div>
  <div>
    <div
      class="field-details"
    >
      <div>
        <span
          class="sc-gSYDnn sc-laZMeE exYxiD lataxO"
        />
        <span
          class="sc-gSYDnn sc-iNiQyp exYxiD CFShw"
        >
          string
        </span>
      </div>
       
      <div>
        <div
          class="sc-iJCRrE sc-cBoqAE jCdxGr dGTDJo"
        />
      </div>
    </div>
  </div>
</div>
`;
